[_4,_5,_6|...]
[_8,_9,_10,_8,_9,_10,_8,_9,_10,_8,_9,_10,_8,_9,_10,_8,_9,_10,_8,_9,_10,_8,_9,_10,_8,_9,_10,_8,_9,_10,_8,_9,_10,_8,_9,_10,_8,_9,_10,_8,_9,_10,_8,_9,_10,_8,_9,_10,_8,_9,_10,_8,_9,_10,_8,_9,_10,_8,_9,_10,_8,_9,_10,_8,_9,_10,_8,_9,_10,_8,_9,_10,_8,_9,_10,_8,_9,_10,_8,_9,_10,_8,_9,_10,_8,_9,_10,_8,_9,_10,_8,_9,_10,_8,_9,_10,_8,_9,_10,_8|...]
