test1: [4,6,5,9]
test2: [4,6,5,9]
test3: [4,6,5,9]
test4: [2000004,6,1000005,5000009]
test5: [2000004,6,1000005,7000009]
