[c,d,a,a,f,e,g]
[c,d,a,a]
[f,e]
[g]
[c,d,a,a,f,e,g]
[a,c,d,e,f,g]
[bar(c),bar(d),bar(a),bar(a),bar(f),bar(e),bar(g)]
[bar(c),bar(d),bar(a),bar(a)]
[bar(f),bar(e)]
[bar(g)]
[bar(c),bar(d),bar(a),bar(a),bar(f),bar(e),bar(g)]
[bar(a),bar(c),bar(d),bar(e),bar(f),bar(g)]
