[[...|[...]]|_5]
+_6- +_7
+_6- +_7- +_8
(-_9)* -_10
[]*[]*[]
