[c,d]
[e,f]
[g]
[g]
[c,d]
[e,f]
[g]
[g]
[c,d]
[e,f]
[g]
[g]
[c,d]
[e,f]
[g]
[g]
[c,d]
[e,f]
[g]
[g]
[c,d]
[e,f]
[g]
[g]
[c,d]
[e,f]
[g]
[g]
[c,d]
[e,f]
[g]
[g]
[c,d]
[e,f]
[g]
[g]
[c,d]
[e,f]
[g]
[g]
