   Warning: Initialization goal exception: error(existence_error(procedure,bar/0),bar/0).
