['5',f,e,c,e,b,'6','6',f,f,c,'8','6',f,'3','8',d,'9','5','2','7','8','6',c,'6',d,'6','9','6',c,'7','9',c,'2',d,b,c,'2','3','9',d,d,'4',e,'9','1',b,'4','6','7','2','9',d,'7','3',a,'2','7',f,b,'5','7',e,'9']
