[[4.0000000074505806,0.0],[2.9999999925494194,0.0],[1.9999999925494194,0.0],[1.0000000074505806,0.0]]
[[3.0000000000000036,2.0000000000000009],[5.0000000000000053,0.99999999999999267],[-5.773159728050814e-15,1.0000000000000027],[0.99999999999999623,1.0000000000000036]]
