1
   Warning: Initialization goal exception: error(type_error(atom,1),(=..)/2).
