[trio(3,_8,_9),pair(2,_7)]
[pair(2,_7),trio(3,_8,_9)]
