[[1,3],[2,4]]
[[_4,3],[2,_4]]
[[_169,_170],[_185,_186]]
[[_169,_185],[_170,_186]]
