Error: syntax error, near '?', operator expected, /home/andrew/trealla/tests/issues-OLD/test245.pl:4
