   error(existence_error(procedure,'X'/2),main/0).
