   Warning: Initialization goal exception: error.
