Error: syntax error, mismatched parens/brackets/braces, tests/issues/test441.pl:4
