   Warning: Initialization goal exception: error(syntax_error(number),number_chars/2).
