   Warning: Initialization goal exception: error(syntax_error(unterminated_quoted_atom),number_chars/2).
