   Warning: Initialization goal exception: error(type_error(callable,1),(:)/2).
