[[a|[[a|...],[a|[[a|...],_4]=[_4,[a|...]]]]=[[a|[[a|...],_4]=[_4,[a|...]]],[a|...]]],[a|[[a|...],_4]=[_4,[a|...]]]]=[[a|[[a|...],_4]=[_4,[a|...]]],[a|...]]
