   error(existence_error(procedure,true/1),main/0).
