[(dif(_22,_23),_23=[]*[],_22=[]*_24)-[1],(_25=[]*[],_26=[]*_27,dif(_26,_25))-[1]]
