   Warning: Initialization goal exception: error(syntax_error(unexpected_char),number_chars/2).
