   Warning: Initialization goal exception: error(existence_error(procedure,fail/2),fail/2).
